2026-07-09 20:13:06 - INFO - Extraction Process is started
2026-07-09 20:13:08 - INFO - Extract Process is Completed
2026-07-09 20:13:08 - INFO - Transformation Process is started...
2026-07-09 20:13:09 - WARNING - 237 employees have no Dept_id orphan records detected
2026-07-11 22:55:18 - INFO - Extraction Process is started
2026-07-11 22:55:21 - INFO - Extract Process is Completed
2026-07-11 22:55:21 - INFO - Transformation Process is started...
2026-07-11 22:55:24 - WARNING - 237 employees have no Dept_id orphan records detected
2026-07-11 22:55:45 - INFO - Extraction Process is started
2026-07-11 22:55:48 - INFO - Extract Process is Completed
2026-07-11 22:55:48 - INFO - Transformation Process is started...
2026-07-11 22:55:52 - WARNING - 237 employees have no Dept_id orphan records detected
2026-07-11 22:57:43 - INFO - Extraction Process is started
2026-07-11 22:57:46 - INFO - Extract Process is Completed
2026-07-11 22:57:46 - INFO - Transformation Process is started...
2026-07-11 22:57:51 - WARNING - 237 employees have no Dept_id orphan records detected
2026-07-11 23:04:31 - INFO - Extraction Process is started
2026-07-11 23:04:32 - INFO - Extract Process is Completed
2026-07-11 23:04:32 - INFO - Transformation Process is started...
2026-07-11 23:04:34 - WARNING - 237 employees have no Dept_id orphan records detected
2026-07-11 23:13:17 - INFO - Extraction Process is started
2026-07-11 23:13:19 - INFO - Extract Process is Completed
2026-07-11 23:13:19 - INFO - Transformation Process is started...
2026-07-11 23:13:20 - WARNING - 237 employees have no Dept_id orphan records detected
2026-07-11 23:13:20 - ERROR - Failed to transform: 'str' object has no attribute 'str'
2026-07-12 12:10:39 - INFO - Extraction Process is started
2026-07-12 12:10:40 - INFO - Extract Process is Completed
2026-07-12 12:10:40 - INFO - Transformation Process is started...
2026-07-12 12:10:42 - WARNING - 237 employees have no Dept_id orphan records detected
2026-07-12 12:10:42 - ERROR - Failed to transform: 'Dept_Name'
2026-07-12 12:11:34 - INFO - Extraction Process is started
2026-07-12 12:11:36 - INFO - Extract Process is Completed
2026-07-12 12:11:36 - INFO - Transformation Process is started...
2026-07-12 12:11:38 - WARNING - 237 employees have no Dept_id orphan records detected
2026-07-12 12:11:38 - ERROR - Failed to transform: 'Dept_Name'
2026-07-12 12:14:07 - INFO - Extraction Process is started
2026-07-12 12:14:08 - INFO - Extract Process is Completed
2026-07-12 12:14:08 - INFO - Transformation Process is started...
2026-07-12 12:14:11 - WARNING - 237 employees have no Dept_id orphan records detected
2026-07-12 12:14:11 - ERROR - Failed to transform: 'Dept_Name'
2026-07-12 12:14:49 - INFO - Extraction Process is started
2026-07-12 12:14:51 - INFO - Extract Process is Completed
2026-07-12 12:14:51 - INFO - Transformation Process is started...
2026-07-12 12:14:53 - WARNING - 237 employees have no Dept_id orphan records detected
2026-07-12 12:14:53 - ERROR - Failed to transform: "['Dept_Name'] not in index"
2026-07-12 12:17:12 - INFO - Extraction Process is started
2026-07-12 12:17:14 - INFO - Extract Process is Completed
2026-07-12 12:17:14 - INFO - Transformation Process is started...
2026-07-12 12:17:16 - WARNING - 237 employees have no Dept_id orphan records detected
2026-07-12 12:17:16 - ERROR - Failed to transform: "['Dept_Name', 'Location', 'Manager_ID', 'Budget', 'Established_Year'] not in index"
2026-07-12 12:19:27 - INFO - Extraction Process is started
2026-07-12 12:19:28 - INFO - Extract Process is Completed
2026-07-12 12:19:28 - INFO - Transformation Process is started...
2026-07-12 12:19:30 - WARNING - 237 employees have no Dept_id orphan records detected
2026-07-12 12:19:30 - ERROR - Failed to transform: "['Dept_Name', 'Location', 'Manager_ID'] not in index"
2026-07-12 12:19:38 - INFO - Extraction Process is started
2026-07-12 12:19:39 - INFO - Extract Process is Completed
2026-07-12 12:19:39 - INFO - Transformation Process is started...
2026-07-12 12:19:41 - WARNING - 237 employees have no Dept_id orphan records detected
2026-07-12 12:19:41 - ERROR - Failed to transform: "['Dept_Name', 'Location', 'Manager_ID'] not in index"
2026-07-12 12:22:22 - INFO - Extraction Process is started
2026-07-12 12:22:23 - INFO - Extract Process is Completed
2026-07-12 12:22:23 - INFO - Transformation Process is started...
2026-07-12 12:22:26 - WARNING - 237 employees have no Dept_id orphan records detected
2026-07-12 12:22:26 - ERROR - Failed to transform: Can only use .str accessor with string values, not integer
2026-07-12 12:23:00 - INFO - Extraction Process is started
2026-07-12 12:23:01 - INFO - Extract Process is Completed
2026-07-12 12:23:01 - INFO - Transformation Process is started...
2026-07-12 12:23:03 - WARNING - 237 employees have no Dept_id orphan records detected
2026-07-12 12:23:25 - INFO - Extraction Process is started
2026-07-12 12:23:26 - INFO - Extract Process is Completed
2026-07-12 12:23:26 - INFO - Transformation Process is started...
2026-07-12 12:23:28 - WARNING - 237 employees have no Dept_id orphan records detected
2026-07-12 12:29:08 - INFO - Extraction Process is started
2026-07-12 12:29:09 - INFO - Extract Process is Completed
2026-07-12 12:29:09 - INFO - Transformation Process is started...
2026-07-12 12:29:12 - WARNING - 237 employees have no Dept_id orphan records detected
2026-07-12 12:29:21 - INFO - Extraction Process is started
2026-07-12 12:29:22 - INFO - Extract Process is Completed
2026-07-12 12:29:22 - INFO - Transformation Process is started...
2026-07-12 12:29:25 - WARNING - 237 employees have no Dept_id orphan records detected
2026-07-12 12:29:39 - INFO - Extraction Process is started
2026-07-12 12:29:40 - INFO - Extract Process is Completed
2026-07-12 12:29:40 - INFO - Transformation Process is started...
2026-07-12 12:29:42 - WARNING - 237 employees have no Dept_id orphan records detected
2026-07-12 12:30:24 - INFO - Extraction Process is started
2026-07-12 12:30:26 - INFO - Extract Process is Completed
2026-07-12 12:30:26 - INFO - Transformation Process is started...
2026-07-12 12:30:28 - WARNING - 237 employees have no Dept_id orphan records detected
2026-07-12 12:31:02 - INFO - Extraction Process is started
2026-07-12 12:31:04 - INFO - Extract Process is Completed
2026-07-12 12:31:04 - INFO - Transformation Process is started...
2026-07-12 12:31:06 - WARNING - 237 employees have no Dept_id orphan records detected
2026-07-13 23:13:10 - INFO - Extraction Process is started
2026-07-13 23:13:12 - INFO - Extract Process is Completed
2026-07-13 23:13:12 - INFO - Transformation Process is started...
2026-07-13 23:13:15 - WARNING - 237 employees have no Dept_id orphan records detected
2026-07-13 23:13:53 - INFO - Extraction Process is started
2026-07-13 23:13:56 - INFO - Extract Process is Completed
2026-07-13 23:13:56 - INFO - Transformation Process is started...
2026-07-13 23:14:00 - WARNING - 237 employees have no Dept_id orphan records detected
2026-07-13 23:14:00 - ERROR - Failed to transform: ''
2026-07-13 23:14:23 - INFO - Extraction Process is started
2026-07-13 23:14:26 - INFO - Extract Process is Completed
2026-07-13 23:14:26 - INFO - Transformation Process is started...
2026-07-13 23:14:30 - WARNING - 237 employees have no Dept_id orphan records detected
2026-07-13 23:14:30 - ERROR - Failed to transform: ''
2026-07-13 23:15:28 - INFO - Extraction Process is started
2026-07-13 23:15:31 - INFO - Extract Process is Completed
2026-07-13 23:15:31 - INFO - Transformation Process is started...
2026-07-13 23:15:34 - WARNING - 237 employees have no Dept_id orphan records detected
2026-07-13 23:15:53 - INFO - Extraction Process is started
2026-07-13 23:15:56 - INFO - Extract Process is Completed
2026-07-13 23:15:56 - INFO - Transformation Process is started...
2026-07-13 23:16:01 - WARNING - 237 employees have no Dept_id orphan records detected
2026-07-13 23:17:24 - INFO - Extraction Process is started
2026-07-13 23:17:27 - INFO - Extract Process is Completed
2026-07-13 23:17:27 - INFO - Transformation Process is started...
2026-07-13 23:17:31 - WARNING - 237 employees have no Dept_id orphan records detected
2026-07-13 23:17:43 - INFO - Extraction Process is started
2026-07-13 23:17:45 - INFO - Extract Process is Completed
2026-07-13 23:17:45 - INFO - Transformation Process is started...
2026-07-13 23:17:49 - WARNING - 237 employees have no Dept_id orphan records detected
2026-07-13 23:20:02 - INFO - Extraction Process is started
2026-07-13 23:20:04 - INFO - Extract Process is Completed
2026-07-13 23:20:04 - INFO - Transformation Process is started...
2026-07-13 23:20:08 - WARNING - 237 employees have no Dept_id orphan records detected
2026-07-13 23:20:47 - INFO - Extraction Process is started
2026-07-13 23:20:50 - INFO - Extract Process is Completed
2026-07-13 23:20:50 - INFO - Transformation Process is started...
2026-07-13 23:20:54 - WARNING - 237 employees have no Dept_id orphan records detected
2026-07-13 23:20:54 - ERROR - Failed to transform: ''
2026-07-30 13:04:53 - INFO - Extraction Process is started
2026-07-30 13:04:54 - INFO - Extract Process is Completed
2026-07-30 13:04:54 - INFO - Transformation Process is started...
2026-07-30 13:04:56 - WARNING - 237 employees have no Dept_id orphan records detected
2026-07-30 13:04:56 - ERROR - Failed to transform: ''
2026-07-30 13:08:48 - INFO - Extraction Process is started
2026-07-30 13:08:49 - INFO - Extract Process is Completed
2026-07-30 13:08:49 - INFO - Transformation Process is started...
2026-07-30 13:08:51 - WARNING - 237 employees have no Dept_id orphan records detected
2026-07-30 13:08:51 - ERROR - Failed to transform: ''
2026-07-30 13:36:20 - INFO - Extraction Process is started
2026-07-30 13:36:21 - INFO - Extract Process is Completed
2026-07-30 13:36:21 - INFO - Transformation Process is started...
2026-07-30 13:36:23 - WARNING - 237 employees have no Dept_id orphan records detected
2026-07-30 13:36:23 - ERROR - Failed to transform: Can only use .str accessor with string values, not integer
2026-07-30 13:41:22 - INFO - Extraction Process is started
2026-07-30 13:41:23 - INFO - Extract Process is Completed
2026-07-30 13:41:23 - INFO - Transformation Process is started...
2026-07-30 13:41:25 - WARNING - 237 employees have no Dept_id orphan records detected
2026-07-30 13:45:56 - INFO - Extraction Process is started
2026-07-30 13:45:58 - INFO - Extract Process is Completed
2026-07-30 13:45:58 - INFO - Transformation Process is started...
2026-07-30 13:46:00 - WARNING - 237 employees have no Dept_id orphan records detected
2026-07-30 13:47:23 - INFO - Extraction Process is started
2026-07-30 13:47:24 - INFO - Extract Process is Completed
2026-07-30 13:47:24 - INFO - Transformation Process is started...
2026-07-30 13:47:26 - WARNING - 237 employees have no Dept_id orphan records detected
2026-07-30 13:52:50 - INFO - Extraction Process is started
2026-07-30 13:52:51 - INFO - Extract Process is Completed
2026-07-30 13:52:51 - INFO - Transformation Process is started...
2026-07-30 13:52:53 - WARNING - 237 employees have no Dept_id orphan records detected
2026-07-30 13:54:12 - INFO - Extraction Process is started
2026-07-30 13:54:13 - INFO - Extract Process is Completed
2026-07-30 13:54:13 - INFO - Transformation Process is started...
2026-07-30 13:54:15 - WARNING - 237 employees have no Dept_id orphan records detected
2026-07-30 15:27:32 - INFO - Extraction Process is started
2026-07-30 15:27:34 - INFO - Extract Process is Completed
2026-07-30 15:27:34 - INFO - Transformation Process is started...
2026-07-30 15:27:36 - WARNING - 237 employees have no Dept_id orphan records detected
2026-07-30 15:48:06 - INFO - Extraction Process is started
2026-07-30 15:48:08 - INFO - Extract Process is Completed
2026-07-30 15:48:08 - INFO - Transformation Process is started...
2026-07-30 15:48:10 - WARNING - 237 employees have no Dept_id orphan records detected
2026-07-30 15:48:10 - ERROR - Failed to transform: Cannot perform reduction 'mean' with string dtype
2026-07-30 15:49:35 - INFO - Extraction Process is started
2026-07-30 15:49:37 - INFO - Extract Process is Completed
2026-07-30 15:49:37 - INFO - Transformation Process is started...
2026-07-30 15:49:38 - WARNING - 237 employees have no Dept_id orphan records detected
2026-07-30 15:49:39 - ERROR - Failed to transform: Cannot perform reduction 'mean' with string dtype
2026-07-30 15:49:56 - INFO - Extraction Process is started
2026-07-30 15:49:58 - INFO - Extract Process is Completed
2026-07-30 15:49:58 - INFO - Transformation Process is started...
2026-07-30 15:50:00 - WARNING - 237 employees have no Dept_id orphan records detected
2026-07-30 15:50:00 - ERROR - Failed to transform: Cannot perform reduction 'mean' with string dtype
2026-07-30 15:50:10 - INFO - Extraction Process is started
2026-07-30 15:50:12 - INFO - Extract Process is Completed
2026-07-30 15:50:12 - INFO - Transformation Process is started...
2026-07-30 15:50:14 - WARNING - 237 employees have no Dept_id orphan records detected
2026-07-30 15:50:15 - ERROR - Failed to transform: Cannot perform reduction 'mean' with string dtype
2026-07-30 15:54:19 - INFO - Extraction Process is started
2026-07-30 15:54:21 - INFO - Extract Process is Completed
2026-07-30 15:54:21 - INFO - Transformation Process is started...
2026-07-30 15:54:23 - WARNING - 237 employees have no Dept_id orphan records detected
2026-07-30 16:04:27 - INFO - Extraction Process is started
2026-07-30 16:04:28 - INFO - Extract Process is Completed
2026-07-30 16:04:28 - INFO - Transformation Process is started...
2026-07-30 16:04:30 - WARNING - 237 employees have no Dept_id orphan records detected
2026-07-30 16:04:53 - INFO - Extraction Process is started
2026-07-30 16:04:54 - INFO - Extract Process is Completed
2026-07-30 16:04:54 - INFO - Transformation Process is started...
2026-07-30 16:04:56 - WARNING - 237 employees have no Dept_id orphan records detected
2026-07-30 16:12:01 - INFO - Extraction Process is started
2026-07-30 16:12:02 - INFO - Extract Process is Completed
2026-07-30 16:12:02 - INFO - Transformation Process is started...
2026-07-30 16:12:04 - WARNING - 237 employees have no Dept_id orphan records detected
2026-07-30 16:12:59 - INFO - Extraction Process is started
2026-07-30 16:13:01 - INFO - Extract Process is Completed
2026-07-30 16:13:01 - INFO - Transformation Process is started...
2026-07-30 16:13:02 - WARNING - 237 employees have no Dept_id orphan records detected
2026-07-30 16:19:27 - INFO - Extraction Process is started
2026-07-30 16:19:28 - INFO - Extract Process is Completed
2026-07-30 16:19:28 - INFO - Transformation Process is started...
2026-07-30 16:19:30 - WARNING - 237 employees have no Dept_id orphan records detected
2026-07-30 16:25:20 - INFO - Extraction Process is started
2026-07-30 16:25:22 - INFO - Extract Process is Completed
2026-07-30 16:25:22 - INFO - Transformation Process is started...
2026-07-30 16:25:23 - WARNING - 237 employees have no Dept_id orphan records detected
2026-08-01 20:09:37 - INFO - Extraction Process is started
2026-08-01 20:09:39 - INFO - Extract Process is Completed
2026-08-01 20:09:39 - INFO - Transformation Process is started...
2026-08-01 20:09:41 - WARNING - 237 employees have no Dept_id orphan records detected
2026-08-01 20:10:24 - INFO - Extraction Process is started
2026-08-01 20:10:26 - INFO - Extract Process is Completed
2026-08-01 20:10:26 - INFO - Transformation Process is started...
2026-08-01 20:10:30 - WARNING - 237 employees have no Dept_id orphan records detected
2026-08-01 20:11:16 - INFO - Extraction Process is started
2026-08-01 20:11:18 - INFO - Extract Process is Completed
2026-08-01 20:11:18 - INFO - Transformation Process is started...
2026-08-01 20:11:22 - WARNING - 237 employees have no Dept_id orphan records detected
2026-08-01 20:12:02 - INFO - Extraction Process is started
2026-08-01 20:12:04 - INFO - Extract Process is Completed
2026-08-01 20:12:04 - INFO - Transformation Process is started...
2026-08-01 20:12:08 - WARNING - 237 employees have no Dept_id orphan records detected
2026-08-01 20:12:30 - INFO - Extraction Process is started
2026-08-01 20:12:33 - INFO - Extract Process is Completed
2026-08-01 20:12:33 - INFO - Transformation Process is started...
2026-08-01 20:12:37 - WARNING - 237 employees have no Dept_id orphan records detected
2026-08-01 20:14:52 - INFO - Extraction Process is started
2026-08-01 20:14:55 - INFO - Extract Process is Completed
2026-08-01 20:14:55 - INFO - Transformation Process is started...
2026-08-01 20:14:59 - WARNING - 237 employees have no Dept_id orphan records detected
2026-08-01 20:15:00 - ERROR - Failed to transform: Cannot perform reduction 'median' with string dtype
2026-08-01 20:29:34 - INFO - Extraction Process is started
2026-08-01 20:29:35 - INFO - Extract Process is Completed
2026-08-01 20:29:35 - INFO - Transformation Process is started...
2026-08-01 20:29:39 - WARNING - 237 employees have no Dept_id orphan records detected
2026-08-01 20:33:32 - INFO - Extraction Process is started
2026-08-01 20:33:34 - INFO - Extract Process is Completed
2026-08-01 20:33:34 - INFO - Transformation Process is started...
2026-08-01 20:33:35 - WARNING - 237 employees have no Dept_id orphan records detected
2026-08-01 20:33:59 - INFO - Extraction Process is started
2026-08-01 20:34:01 - INFO - Extract Process is Completed
2026-08-01 20:34:01 - INFO - Transformation Process is started...
2026-08-01 20:34:03 - WARNING - 237 employees have no Dept_id orphan records detected
2026-08-01 20:34:24 - INFO - Extraction Process is started
2026-08-01 20:34:26 - INFO - Extract Process is Completed
2026-08-01 20:34:26 - INFO - Transformation Process is started...
2026-08-01 20:34:27 - WARNING - 237 employees have no Dept_id orphan records detected
2026-08-01 20:34:53 - INFO - Extraction Process is started
2026-08-01 20:34:55 - INFO - Extract Process is Completed
2026-08-01 20:34:55 - INFO - Transformation Process is started...
2026-08-01 20:34:56 - WARNING - 237 employees have no Dept_id orphan records detected
2026-08-01 20:35:29 - INFO - Extraction Process is started
2026-08-01 20:35:30 - INFO - Extract Process is Completed
2026-08-01 20:35:30 - INFO - Transformation Process is started...
2026-08-01 20:35:32 - WARNING - 237 employees have no Dept_id orphan records detected
2026-08-01 20:49:51 - INFO - Extraction Process is started
2026-08-01 20:49:52 - INFO - Extract Process is Completed
2026-08-01 20:49:52 - INFO - Transformation Process is started...
2026-08-01 20:49:54 - WARNING - 237 employees have no Dept_id orphan records detected
2026-08-01 20:49:55 - ERROR - Failed to transform: ''
2026-08-01 20:50:18 - INFO - Extraction Process is started
2026-08-01 20:50:19 - INFO - Extract Process is Completed
2026-08-01 20:50:19 - INFO - Transformation Process is started...
2026-08-01 20:50:21 - WARNING - 237 employees have no Dept_id orphan records detected
2026-08-01 20:50:22 - ERROR - Failed to transform: ''
2026-08-01 20:50:41 - INFO - Extraction Process is started
2026-08-01 20:50:42 - INFO - Extract Process is Completed
2026-08-01 20:50:42 - INFO - Transformation Process is started...
2026-08-01 20:50:44 - WARNING - 237 employees have no Dept_id orphan records detected
2026-08-01 20:50:45 - ERROR - Failed to transform: ''
2026-08-01 20:51:04 - INFO - Extraction Process is started
2026-08-01 20:51:05 - INFO - Extract Process is Completed
2026-08-01 20:51:05 - INFO - Transformation Process is started...
2026-08-01 20:51:07 - WARNING - 237 employees have no Dept_id orphan records detected
2026-08-01 20:51:08 - ERROR - Failed to transform: ''
2026-08-01 20:52:29 - INFO - Extraction Process is started
2026-08-01 20:52:31 - INFO - Extract Process is Completed
2026-08-01 20:52:31 - INFO - Transformation Process is started...
2026-08-01 20:52:32 - WARNING - 237 employees have no Dept_id orphan records detected
2026-08-01 20:52:33 - ERROR - Failed to transform: ''
2026-08-01 21:23:23 - INFO - Extraction Process is started
2026-08-01 21:23:25 - INFO - Extract Process is Completed
2026-08-01 21:23:25 - INFO - Transformation Process is started...
2026-08-01 21:23:27 - WARNING - 237 employees have no Dept_id orphan records detected
2026-08-01 21:23:28 - INFO - Transformation Process is Completed
2026-08-01 21:23:28 - ERROR - Failed to load: No module named 'mysql'
2026-08-01 21:23:47 - INFO - Extraction Process is started
2026-08-01 21:23:48 - INFO - Extract Process is Completed
2026-08-01 21:23:48 - INFO - Transformation Process is started...
2026-08-01 21:23:50 - WARNING - 237 employees have no Dept_id orphan records detected
2026-08-01 21:23:51 - INFO - Transformation Process is Completed
2026-08-01 21:23:51 - ERROR - Failed to load: Can't load plugin: sqlalchemy.dialects:pymysql.mysqlconnector
2026-08-01 21:26:19 - INFO - Extraction Process is started
2026-08-01 21:26:20 - INFO - Extract Process is Completed
2026-08-01 21:26:20 - INFO - Transformation Process is started...
2026-08-01 21:26:22 - WARNING - 237 employees have no Dept_id orphan records detected
2026-08-01 21:26:23 - INFO - Transformation Process is Completed
2026-08-01 21:26:24 - ERROR - Failed to load: (pymysql.err.ProgrammingError) (1166, "Incorrect column name 'Emp_ID  '")
[SQL: 
CREATE TABLE `Employees` (
	`Emp_ID  ` TEXT, 
	` First_Name ` TEXT, 
	` Last_Name      ` TEXT, 
	` Gender` TEXT, 
	` DOB       ` TEXT, 
	` Phone        ` TEXT, 
	` Email                               ` TEXT, 
	` City                        ` TEXT, 
	` State            ` TEXT, 
	` Dept_ID` TEXT, 
	` Job_Title             ` TEXT, 
	` Join_Date ` TEXT, 
	` Employment_Status` TEXT, 
	` Education` TEXT, 
	` Blood_Group` TEXT, 
	` Emergency_Contact` TEXT
)

]
(Background on this error at: https://sqlalche.me/e/20/f405)
2026-08-01 21:31:11 - INFO - Extraction Process is started
2026-08-01 21:31:12 - INFO - Extract Process is Completed
2026-08-01 21:31:12 - INFO - Transformation Process is started...
2026-08-01 21:31:14 - WARNING - 237 employees have no Dept_id orphan records detected
2026-08-01 21:31:15 - INFO - Transformation Process is Completed
2026-08-01 23:10:16 - INFO - Extraction Process is started
2026-08-01 23:10:17 - INFO - Extract Process is Completed
2026-08-01 23:10:17 - INFO - Transformation Process is started...
2026-08-01 23:10:19 - WARNING - 237 employees have no Dept_id orphan records detected
2026-08-01 23:10:20 - INFO - Transformation Process is Completed
2026-08-01 23:10:20 - ERROR - Failed to load: Could not reflect: requested table(s) not available in Engine(mysql+pymysql://root:***@localhost:3306/Employees_Details): (Employees)
2026-08-01 23:10:51 - INFO - Extraction Process is started
2026-08-01 23:10:52 - INFO - Extract Process is Completed
2026-08-01 23:10:52 - INFO - Transformation Process is started...
2026-08-01 23:10:54 - WARNING - 237 employees have no Dept_id orphan records detected
2026-08-01 23:10:55 - INFO - Transformation Process is Completed
2026-08-01 23:10:58 - ERROR - Failed to load: (pymysql.err.OperationalError) (2003, "Can't connect to MySQL server on '3306' ([Errno 11001] getaddrinfo failed)")
(Background on this error at: https://sqlalche.me/e/20/e3q8)
2026-08-01 23:11:14 - INFO - Extraction Process is started
2026-08-01 23:11:15 - INFO - Extract Process is Completed
2026-08-01 23:11:15 - INFO - Transformation Process is started...
2026-08-01 23:11:17 - WARNING - 237 employees have no Dept_id orphan records detected
2026-08-01 23:11:18 - INFO - Transformation Process is Completed
2026-08-01 23:11:18 - ERROR - Failed to load: Could not reflect: requested table(s) not available in Engine(mysql+pymysql://root:***@localhost/Employees_Details): (Employees)
2026-08-01 23:12:09 - INFO - Extraction Process is started
2026-08-01 23:12:11 - INFO - Extract Process is Completed
2026-08-01 23:12:11 - INFO - Transformation Process is started...
2026-08-01 23:12:13 - WARNING - 237 employees have no Dept_id orphan records detected
2026-08-01 23:12:13 - INFO - Transformation Process is Completed
2026-08-01 23:12:13 - ERROR - Failed to load: (pymysql.err.OperationalError) (1049, "Unknown database 'employees_details_1'")
(Background on this error at: https://sqlalche.me/e/20/e3q8)
2026-08-01 23:13:26 - INFO - Extraction Process is started
2026-08-01 23:13:28 - INFO - Extract Process is Completed
2026-08-01 23:13:28 - INFO - Transformation Process is started...
2026-08-01 23:13:30 - WARNING - 237 employees have no Dept_id orphan records detected
2026-08-01 23:13:30 - INFO - Transformation Process is Completed
2026-08-01 23:14:14 - INFO - Load Process is Completed Successfuully
